[2026-08-06T06:38:45.023Z] GET https://xn--c1aaobmgio8j.xn--p1ai/489 → pending (?ms, ?B)
[2026-08-06T06:38:45.995Z] GET https://xn--c1aaobmgio8j.xn--p1ai/glampings/489 → pending (?ms, ?B)
[2026-08-06T06:38:56.374Z] GET https://xn--c1aaobmgio8j.xn--p1ai/catalog/view/javascript/jquery/jquery-2.1.1.min.js → 200 (266ms, 29828B)
[2026-08-06T06:38:56.374Z] GET https://xn--c1aaobmgio8j.xn--p1ai/catalog/view/javascript/swiper/swiper-bundle.min.css → 200 (166ms, 5084B)
[2026-08-06T06:38:56.374Z] GET https://xn--c1aaobmgio8j.xn--p1ai/catalog/view/theme/default/stylesheet/buyer-auth.min.css?v=20260506 → 200 (166ms, 1910B)
[2026-08-06T06:38:56.374Z] GET https://xn--c1aaobmgio8j.xn--p1ai/catalog/view/javascript/fontawesome/css/all.css → 200 (173ms, 13429B)
[2026-08-06T06:38:56.374Z] GET https://fonts.googleapis.com/css?family=Open+Sans:300,400,600,600i,700,800&subset=cyrillic-ext → pending (?ms, ?B)
[2026-08-06T06:38:56.374Z] GET https://fonts.googleapis.com/css?family=Open+Sans+Condensed:300&subset=cyrillic-ext → pending (?ms, ?B)
[2026-08-06T06:38:56.374Z] GET https://xn--c1aaobmgio8j.xn--p1ai/catalog/view/javascript/jquery/semantic/semantic.min.js → 200 (286ms, 71639B)
[2026-08-06T06:38:56.374Z] GET https://xn--c1aaobmgio8j.xn--p1ai/catalog/view/javascript/jquery/semantic/semantic.min.css → 200 (184ms, 103382B)
[2026-08-06T06:38:56.376Z] GET https://xn--c1aaobmgio8j.xn--p1ai/catalog/view/theme/default/stylesheet/stylesheet.css?v34.4.1 → 200 (230ms, 45486B)
[2026-08-06T06:38:56.376Z] GET https://xn--c1aaobmgio8j.xn--p1ai/catalog/view/theme/default/stylesheet/social_proof.css?v=9 → 200 (238ms, 2239B)
[2026-08-06T06:38:56.376Z] GET https://xn--c1aaobmgio8j.xn--p1ai/catalog/view/theme/default/stylesheet/linearicon.css → 200 (238ms, 1375B)
[2026-08-06T06:38:56.376Z] GET https://xn--c1aaobmgio8j.xn--p1ai/catalog/view/javascript/jquery/magnific/magnific-popup.css → 200 (238ms, 2166B)
[2026-08-06T06:38:56.376Z] GET https://xn--c1aaobmgio8j.xn--p1ai/catalog/view/javascript/jquery/magnific/jquery.magnific-popup.min.js → 200 (284ms, 7826B)
[2026-08-06T06:38:56.377Z] GET https://cdnjs.cloudflare.com/ajax/libs/ion-rangeslider/2.3.1/css/ion.rangeSlider.min.css → pending (?ms, ?B)
[2026-08-06T06:38:56.377Z] GET https://cdnjs.cloudflare.com/ajax/libs/ion-rangeslider/2.3.1/js/ion.rangeSlider.min.js → pending (?ms, ?B)
[2026-08-06T06:38:56.378Z] GET https://xn--c1aaobmgio8j.xn--p1ai/image/cachewebp/catalog/489/0001_1781121618-912x912.webp → 200 (237ms, ?B)
[2026-08-06T06:38:56.378Z] GET https://xn--c1aaobmgio8j.xn--p1ai/catalog/view/javascript/grf_dates_state.js?v=4 → 200 (298ms, 3391B)
[2026-08-06T06:38:56.378Z] GET https://xn--c1aaobmgio8j.xn--p1ai/catalog/view/javascript/common.js?v1.1.116 → 200 (299ms, 11400B)
[2026-08-06T06:38:56.378Z] GET https://xn--c1aaobmgio8j.xn--p1ai/catalog/view/javascript/catalog/bnovo.js?1785998326 → 200 (303ms, 7081B)
[2026-08-06T06:38:56.378Z] GET https://xn--c1aaobmgio8j.xn--p1ai/catalog/view/javascript/swiper/swiper-bundle.min.js → 200 (315ms, 42009B)
[2026-08-06T06:38:56.378Z] GET https://xn--c1aaobmgio8j.xn--p1ai/catalog/view/theme/default/javascript/buyer-auth.min.js?v=20260506 → 200 (313ms, 6611B)
[2026-08-06T06:38:56.378Z] GET https://xn--c1aaobmgio8j.xn--p1ai/image/catalog/logo-w-new.svg → 200 (238ms, 4451B)
[2026-08-06T06:38:56.379Z] GET https://xn--c1aaobmgio8j.xn--p1ai/image/catalog/phone24.svg → 200 (237ms, 1259B)
[2026-08-06T06:38:56.380Z] GET https://xn--c1aaobmgio8j.xn--p1ai/catalog/view/theme/default/image/loader.gif → pending (?ms, ?B)
[2026-08-06T06:38:56.380Z] GET https://xn--c1aaobmgio8j.xn--p1ai/catalog/view/javascript/jquery/datedropped.js → pending (?ms, ?B)
[2026-08-06T06:38:56.380Z] GET https://xn--c1aaobmgio8j.xn--p1ai/catalog/view/theme/default/stylesheet/pickmeup-bnovo.min.css?v=2 → pending (?ms, ?B)
[2026-08-06T06:38:56.380Z] GET https://xn--c1aaobmgio8j.xn--p1ai/catalog/view/theme/default/stylesheet/product_v12.css?v=99 → pending (?ms, ?B)
[2026-08-06T06:38:56.380Z] GET https://xn--c1aaobmgio8j.xn--p1ai/catalog/view/theme/default/stylesheet/fancy.min.css?v=1 → pending (?ms, ?B)
[2026-08-06T06:38:56.380Z] GET https://xn--c1aaobmgio8j.xn--p1ai/catalog/view/javascript/fancy.min.js?v=1 → pending (?ms, ?B)
[2026-08-06T06:38:56.380Z] GET https://api-maps.yandex.ru/2.1/?apikey=44eeda62-881e-4502-9e8f-86d8dfe0198e&lang=ru_RU → pending (?ms, ?B)
[2026-08-06T06:38:56.488Z] GET https://cdnjs.cloudflare.com/ajax/libs/moment.js/2.29.1/moment.min.js → pending (?ms, ?B)
[2026-08-06T06:38:56.506Z] GET https://fonts.googleapis.com/css2?family=Roboto:ital,wght@0,100..900;1,100..900&display=swap → pending (?ms, ?B)
[2026-08-06T06:38:56.506Z] GET https://xn--c1aaobmgio8j.xn--p1ai/image/icons/services/pet.svg → pending (?ms, ?B)
[2026-08-06T06:38:56.506Z] GET https://xn--c1aaobmgio8j.xn--p1ai/image/icons/services/hot-tub.svg → pending (?ms, ?B)
[2026-08-06T06:38:56.506Z] GET https://xn--c1aaobmgio8j.xn--p1ai/image/icons/services/bath.svg → pending (?ms, ?B)
[2026-08-06T06:38:56.506Z] GET https://xn--c1aaobmgio8j.xn--p1ai/image/icons/services/grill.svg → pending (?ms, ?B)
[2026-08-06T06:38:56.506Z] GET https://xn--c1aaobmgio8j.xn--p1ai/image/icons/single-bed.svg → pending (?ms, ?B)
[2026-08-06T06:38:56.506Z] GET https://xn--c1aaobmgio8j.xn--p1ai/image/icons/services/area.svg → pending (?ms, ?B)
[2026-08-06T06:38:56.506Z] GET https://xn--c1aaobmgio8j.xn--p1ai/image/icons/attention.png → pending (?ms, ?B)
[2026-08-06T06:38:56.506Z] GET https://xn--c1aaobmgio8j.xn--p1ai/image/icons/services/conditioner.svg → pending (?ms, ?B)
[2026-08-06T06:38:56.506Z] GET https://xn--c1aaobmgio8j.xn--p1ai/image/icons/double-bed.svg → pending (?ms, ?B)
[2026-08-06T06:38:56.506Z] GET https://xn--c1aaobmgio8j.xn--p1ai/image/icons/sofa.svg → pending (?ms, ?B)
[2026-08-06T06:38:56.507Z] GET https://xn--c1aaobmgio8j.xn--p1ai/image/icons/time-and-date.png → pending (?ms, ?B)
[2026-08-06T06:38:56.522Z] GET https://xn--c1aaobmgio8j.xn--p1ai/image/icons/car.svg → pending (?ms, ?B)
[2026-08-06T06:38:56.522Z] GET https://xn--c1aaobmgio8j.xn--p1ai/image/icons/bus.svg → pending (?ms, ?B)
[2026-08-06T06:38:56.522Z] GET https://xn--c1aaobmgio8j.xn--p1ai/image/icons/taxi.svg → pending (?ms, ?B)
[2026-08-06T06:38:56.522Z] GET https://xn--c1aaobmgio8j.xn--p1ai/image/cachewebp/catalog/1756/5a90846eb93eb560c8e646a1ad0480a9-430x430.webp → pending (?ms, ?B)
[2026-08-06T06:38:56.522Z] GET https://xn--c1aaobmgio8j.xn--p1ai/image/icons/nomeal.svg → pending (?ms, ?B)
[2026-08-06T06:38:56.522Z] GET https://xn--c1aaobmgio8j.xn--p1ai/image/icons/pets.svg → pending (?ms, ?B)
[2026-08-06T06:38:56.522Z] GET https://xn--c1aaobmgio8j.xn--p1ai/image/icons/right.svg → pending (?ms, ?B)
[2026-08-06T06:38:56.523Z] GET https://xn--c1aaobmgio8j.xn--p1ai/image/cachewebp/catalog/467/img_5249_1714508572-430x430.webp → pending (?ms, ?B)
[2026-08-06T06:38:56.523Z] GET https://xn--c1aaobmgio8j.xn--p1ai/image/cachewebp/catalog/601/photo_2025-07-21_01-07-44_1768404100-430x430.webp → pending (?ms, ?B)
[2026-08-06T06:38:56.523Z] GET https://xn--c1aaobmgio8j.xn--p1ai/image/cachewebp/catalog/1335/9yj6tyrisqg_1744795338-430x430.webp → pending (?ms, ?B)
[2026-08-06T06:38:56.523Z] GET https://xn--c1aaobmgio8j.xn--p1ai/image/cachewebp/catalog/867/bel_3737_1713953517-430x430.webp → pending (?ms, ?B)
[2026-08-06T06:38:56.523Z] GET https://xn--c1aaobmgio8j.xn--p1ai/image/cachewebp/catalog/296/photo_5399917967736683180_y-430x430.webp → pending (?ms, ?B)
[2026-08-06T06:38:56.523Z] GET https://xn--c1aaobmgio8j.xn--p1ai/image/cachewebp/catalog/1923/6_1776101205-430x430.webp → pending (?ms, ?B)
[2026-08-06T06:38:56.523Z] GET https://xn--c1aaobmgio8j.xn--p1ai/image/cachewebp/catalog/957/6n9a5994_resized_1717763887-430x430.webp → pending (?ms, ?B)
[2026-08-06T06:38:56.530Z] GET https://xn--c1aaobmgio8j.xn--p1ai/image/cachewebp/catalog/1342/5d1a5462_1745571130-430x430.webp → pending (?ms, ?B)
[2026-08-06T06:38:56.531Z] GET https://xn--c1aaobmgio8j.xn--p1ai/image/cachewebp/catalog/544/gl29yaaneb4_1746535872-430x430.webp → pending (?ms, ?B)
[2026-08-06T06:38:56.531Z] GET https://xn--c1aaobmgio8j.xn--p1ai/image/cachewebp/catalog/350/xxxl%282%29-430x430.webp → pending (?ms, ?B)
[2026-08-06T06:38:56.531Z] GET https://xn--c1aaobmgio8j.xn--p1ai/image/cachewebp/catalog/1332/avcbul3acvlkuut2sby0shmihhgboyg6_1744730703-430x430.webp → pending (?ms, ?B)
[2026-08-06T06:38:56.531Z] GET https://xn--c1aaobmgio8j.xn--p1ai/catalog/view/theme/default/image/foot-logo.png → pending (?ms, ?B)
[2026-08-06T06:38:56.531Z] GET https://xn--c1aaobmgio8j.xn--p1ai/catalog/view/javascript/grf_tracker.min.js?v=1 → pending (?ms, ?B)
[2026-08-06T06:38:56.531Z] GET https://www.googletagmanager.com/gtag/js?id=G-Y9MRQQ0W34 → pending (?ms, ?B)
[2026-08-06T06:38:56.891Z] GET https://fonts.googleapis.com/css?family=Lato:400,700,400italic,700italic&subset=latin → 200 (56ms, 569B)
[2026-08-06T06:38:56.983Z] GET https://fonts.gstatic.com/s/opensans/v44/memvYaGs126MiZpBA-UvWbX2vVnXBbObj2OVTS-mu0SC55I.woff2 → 200 (588ms, 43515B)
[2026-08-06T06:38:56.984Z] GET https://fonts.gstatic.com/s/opensans/v44/memvYaGs126MiZpBA-UvWbX2vVnXBbObj2OVTSumu0SC55K5gw.woff2 → pending (?ms, ?B)
[2026-08-06T06:38:56.984Z] GET https://fonts.gstatic.com/s/opensans/v44/memvYaGs126MiZpBA-UvWbX2vVnXBbObj2OVTUGmu0SC55K5gw.woff2 → pending (?ms, ?B)
[2026-08-06T06:38:57.570Z] GET https://yastatic.net/s3/front-maps-static/maps-front-jsapi-v2-1/2.1.79-19906405/out/release/full.js → pending (?ms, ?B)
[2026-08-06T06:38:57.777Z] GET https://xn--c1aaobmgio8j.xn--p1ai/image/cachewebp/catalog/489/dvoenavolge_1781121869-520x520.webp → 200 (5ms, 117191B)
[2026-08-06T06:38:57.777Z] GET https://xn--c1aaobmgio8j.xn--p1ai/image/cachewebp/catalog/489/kvadrikpara_1781121869-520x520.webp → 200 (5ms, 131818B)
[2026-08-06T06:38:57.777Z] GET https://xn--c1aaobmgio8j.xn--p1ai/image/cachewebp/catalog/489/img_2297_1743020249-250x250.webp → 200 (6ms, 23142B)
[2026-08-06T06:38:57.777Z] GET https://xn--c1aaobmgio8j.xn--p1ai/image/cachewebp/catalog/489/003_1781122162-250x250.webp → 200 (6ms, 38431B)
[2026-08-06T06:38:57.777Z] GET https://xn--c1aaobmgio8j.xn--p1ai/image/cachewebp/catalog/489/img_4512_1743017629-250x250.webp → 200 (7ms, 38479B)
[2026-08-06T06:38:57.777Z] GET https://xn--c1aaobmgio8j.xn--p1ai/image/cachewebp/catalog/489/7i4a7402_1718106585-250x250.webp → 200 (7ms, 37527B)
[2026-08-06T06:38:57.777Z] GET https://xn--c1aaobmgio8j.xn--p1ai/image/cachewebp/catalog/489/00_1781122321-250x250.webp → 200 (59ms, 32398B)
[2026-08-06T06:38:57.778Z] GET https://xn--c1aaobmgio8j.xn--p1ai/image/cachewebp/catalog/489/restoran000_1781121896-250x250.webp → 200 (59ms, 31094B)
[2026-08-06T06:38:57.778Z] GET https://xn--c1aaobmgio8j.xn--p1ai/image/cachewebp/catalog/489/img_2333_1743017629-250x250.webp → 200 (66ms, 20610B)
[2026-08-06T06:38:57.778Z] GET https://xn--c1aaobmgio8j.xn--p1ai/image/cachewebp/catalog/489/splav_1781121869-250x250.webp → 200 (68ms, 31782B)
[2026-08-06T06:38:57.778Z] GET https://xn--c1aaobmgio8j.xn--p1ai/image/cachewebp/catalog/489/kvadrikpara_1781121869-250x250.webp → 200 (69ms, 35547B)
[2026-08-06T06:38:57.778Z] GET https://xn--c1aaobmgio8j.xn--p1ai/image/cachewebp/catalog/489/shaternovyi%CC%86_1781122456-250x250.webp → 200 (71ms, 34439B)
[2026-08-06T06:38:57.779Z] GET https://avatars.mds.yandex.net/get-altay/10232404/2a00000190307428321589c24174ef9f7940/S → 200 (231ms, 7614B)
[2026-08-06T06:38:57.779Z] GET https://avatars.mds.yandex.net/get-altay/15278128/2a00000196d065a6d3bf64ac5f5427db0696/S → 200 (70ms, 6745B)
[2026-08-06T06:38:57.779Z] GET https://fonts.gstatic.com/s/opensans/v44/memQYaGs126MiZpBA-UFUIcVXSCEkx2cmqvXlWq8tWZ0Pw86hd0RkxhjWVAewIMUdjFXmQ.woff2 → 200 (157ms, 14278B)
[2026-08-06T06:38:57.779Z] GET https://fonts.gstatic.com/s/opensans/v44/memvYaGs126MiZpBA-UvWbX2vVnXBbObj2OVTSGmu0SC55K5gw.woff2 → 200 (157ms, 30752B)
[2026-08-06T06:38:57.779Z] GET https://fonts.gstatic.com/s/opensans/v44/memvYaGs126MiZpBA-UvWbX2vVnXBbObj2OVTVOmu0SC55K5gw.woff2 → 200 (238ms, 47020B)
[2026-08-06T06:38:57.779Z] GET https://fonts.gstatic.com/s/opensans/v44/memQYaGs126MiZpBA-UFUIcVXSCEkx2cmqvXlWq8tWZ0Pw86hd0RkxhjWVQewIMUdjFXmSU_.woff2 → 200 (83ms, 8752B)
[2026-08-06T06:38:57.780Z] GET https://xn--c1aaobmgio8j.xn--p1ai/images/original/gifts/cert-design-van.png → 200 (156ms, 539977B)
[2026-08-06T06:38:57.935Z] GET https://xn--c1aaobmgio8j.xn--p1ai/index.php?route=product/product/one_review&product_id=489 → 200 (329ms, 18661B)
[2026-08-06T06:38:58.009Z] GET https://xn--c1aaobmgio8j.xn--p1ai/image/cache/catalog/489/kemp1_1781121756-245x245.webp → 200 (228ms, 28332B)
[2026-08-06T06:38:58.016Z] GET https://mc.yandex.ru/metrika/tag.js → 200 (289ms, 94763B)
[2026-08-06T06:38:58.110Z] POST https://xn--c1aaobmgio8j.xn--p1ai/index.php?route=api/analytics/touchpoint → 200 (590ms, 431B)
[2026-08-06T06:38:58.236Z] GET https://xn--c1aaobmgio8j.xn--p1ai/catalog/view/javascript/fontawesome/webfonts/fa-solid-900.woff2 → 200 (195ms, 79792B)
[2026-08-06T06:38:58.250Z] GET https://xn--c1aaobmgio8j.xn--p1ai/image/cachewebp/catalog/489/komfortm003_1781553424-350x350.webp → 200 (183ms, 53145B)
[2026-08-06T06:38:58.250Z] GET https://xn--c1aaobmgio8j.xn--p1ai/image/cachewebp/catalog/489/komfortm001_1781553424-350x350.webp → 200 (185ms, 45700B)
[2026-08-06T06:38:58.250Z] GET https://xn--c1aaobmgio8j.xn--p1ai/image/cachewebp/catalog/489/komfortm002_1781553424-350x350.webp → 200 (185ms, 50741B)
[2026-08-06T06:38:58.251Z] GET https://xn--c1aaobmgio8j.xn--p1ai/image/cachewebp/catalog/489/komfortm004_1781553424-350x350.webp → 200 (185ms, 35509B)
[2026-08-06T06:38:58.252Z] GET https://xn--c1aaobmgio8j.xn--p1ai/image/cachewebp/catalog/489/komfortm005_1781553424-350x350.webp → 200 (185ms, 34705B)
[2026-08-06T06:38:58.252Z] GET https://xn--c1aaobmgio8j.xn--p1ai/image/cachewebp/catalog/489/komfortm006_1781553424-350x350.webp → 200 (185ms, 72236B)
[2026-08-06T06:38:58.252Z] GET https://xn--c1aaobmgio8j.xn--p1ai/image/cachewebp/catalog/489/9b4cc3dda5a6c7a48b8707f8b635ac40-350x350.webp → 200 (195ms, 44966B)
[2026-08-06T06:38:58.252Z] GET https://xn--c1aaobmgio8j.xn--p1ai/image/cachewebp/catalog/489/4c0d33ef65eb70ba9c9d6950e5298f66-350x350.webp → 200 (197ms, 41806B)
[2026-08-06T06:38:58.252Z] GET https://xn--c1aaobmgio8j.xn--p1ai/image/cachewebp/catalog/489/4b3868be9119953c814eb1d7303a83c4-350x350.webp → 200 (197ms, 45290B)
[2026-08-06T06:38:58.252Z] GET https://xn--c1aaobmgio8j.xn--p1ai/image/cachewebp/catalog/489/d813ede048327cf3877a2345710c057f-350x350.webp → 200 (199ms, 44224B)
[2026-08-06T06:38:58.252Z] GET https://xn--c1aaobmgio8j.xn--p1ai/image/cachewebp/catalog/489/bad0e10b6e737cffba6306410f61b74a-350x350.webp → 200 (199ms, 70416B)
[2026-08-06T06:38:58.257Z] GET https://xn--c1aaobmgio8j.xn--p1ai/image/cachewebp/catalog/489/e6f530b782a662925010f17a8b196789-350x350.webp → 200 (195ms, 69186B)
[2026-08-06T06:38:58.257Z] GET https://xn--c1aaobmgio8j.xn--p1ai/image/cachewebp/catalog/489/img_4513_1743017629-350x350.webp → 200 (208ms, 56243B)
[2026-08-06T06:38:58.257Z] GET https://xn--c1aaobmgio8j.xn--p1ai/image/cachewebp/catalog/489/i%CC%86i%CC%86_1718106761-350x350.webp → 200 (209ms, 44954B)
[2026-08-06T06:38:58.257Z] GET https://xn--c1aaobmgio8j.xn--p1ai/image/cachewebp/catalog/489/i%CC%86_1718106621-350x350.webp → 200 (211ms, 38905B)
[2026-08-06T06:38:58.257Z] GET https://xn--c1aaobmgio8j.xn--p1ai/image/cachewebp/catalog/489/7i4a7450_1718106593-350x350.webp → 200 (299ms, 37923B)
[2026-08-06T06:38:58.257Z] GET https://xn--c1aaobmgio8j.xn--p1ai/image/cachewebp/catalog/489/7i4a7372_1718106554-350x350.webp → 200 (300ms, 48146B)
[2026-08-06T06:38:58.257Z] GET https://xn--c1aaobmgio8j.xn--p1ai/image/cachewebp/catalog/489/7i4a7374_1718106562-350x350.webp → 200 (300ms, 44250B)
[2026-08-06T06:38:58.258Z] GET https://xn--c1aaobmgio8j.xn--p1ai/image/cachewebp/catalog/489/img_5898_1723150123-350x350.webp → 200 (299ms, 52231B)
[2026-08-06T06:38:58.258Z] GET https://xn--c1aaobmgio8j.xn--p1ai/image/cachewebp/catalog/489/img_5934_1723150482-350x350.webp → 200 (300ms, 46244B)
[2026-08-06T06:38:58.258Z] GET https://xn--c1aaobmgio8j.xn--p1ai/image/cachewebp/catalog/489/img_5959_1723150061-350x350.webp → 200 (301ms, 51441B)
[2026-08-06T06:38:58.258Z] GET https://xn--c1aaobmgio8j.xn--p1ai/image/cachewebp/catalog/489/img_5888_1723150123-350x350.webp → 200 (301ms, 48246B)
[2026-08-06T06:38:58.258Z] GET https://xn--c1aaobmgio8j.xn--p1ai/image/cachewebp/catalog/489/img_5914_1723150123-350x350.webp → 200 (302ms, 43332B)
[2026-08-06T06:38:58.258Z] GET https://xn--c1aaobmgio8j.xn--p1ai/image/cachewebp/catalog/489/img_5885_1723150088-350x350.webp → 200 (302ms, 51915B)
[2026-08-06T06:38:58.258Z] GET https://xn--c1aaobmgio8j.xn--p1ai/image/cachewebp/catalog/489/img_5894_1723150123-350x350.webp → 200 (305ms, 55301B)
[2026-08-06T06:38:58.259Z] GET https://xn--c1aaobmgio8j.xn--p1ai/image/cachewebp/catalog/489/img_5880_1723150088-350x350.webp → 200 (306ms, 48522B)
[2026-08-06T06:38:58.259Z] GET https://xn--c1aaobmgio8j.xn--p1ai/image/cachewebp/catalog/489/img_5887_1723150088-350x350.webp → 200 (307ms, 45360B)
[2026-08-06T06:38:58.259Z] GET https://xn--c1aaobmgio8j.xn--p1ai/image/cachewebp/catalog/489/img_5929_1723150482-350x350.webp → 200 (308ms, 41596B)
[2026-08-06T06:38:58.259Z] GET https://xn--c1aaobmgio8j.xn--p1ai/image/cachewebp/catalog/489/img_3861_1743017629-350x350.webp → 200 (309ms, 68938B)
[2026-08-06T06:38:58.259Z] GET https://xn--c1aaobmgio8j.xn--p1ai/image/cachewebp/catalog/489/img_2253-350x350.webp → 200 (309ms, 80983B)
[2026-08-06T06:38:58.259Z] GET https://xn--c1aaobmgio8j.xn--p1ai/image/cachewebp/catalog/489/7i4a7402_1718106585-350x350.webp → 200 (310ms, 71526B)
[2026-08-06T06:38:58.259Z] GET https://xn--c1aaobmgio8j.xn--p1ai/image/cachewebp/catalog/489/7i4a7370_1718106543-350x350.webp → 200 (320ms, 45230B)
[2026-08-06T06:38:58.260Z] GET https://xn--c1aaobmgio8j.xn--p1ai/image/cachewebp/catalog/489/7i4a7363_1718106543-350x350.webp → 200 (320ms, 41540B)
[2026-08-06T06:38:58.260Z] GET https://xn--c1aaobmgio8j.xn--p1ai/image/cachewebp/catalog/489/7i4a7321_1718106457-350x350.webp → 200 (322ms, 41736B)
[2026-08-06T06:38:58.265Z] GET https://avatars.mds.yandex.net/get-yapic/59871/0f-9/islands-200 → 200 (39ms, 2330B)
[2026-08-06T06:38:58.265Z] GET https://avatars.mds.yandex.net/get-yapic/30061/tDiWWYWwEzKO3fTy2bDJkXX1I-1/islands-retina-middle → 200 (168ms, 1563B)
[2026-08-06T06:38:58.265Z] GET https://avatars.mds.yandex.net/get-yapic/43473/Wo9aUDWJzKuqMw6L9NzZmfWY-1/islands-retina-middle → 200 (65ms, 3039B)
[2026-08-06T06:38:58.265Z] GET https://avatars.mds.yandex.net/get-yapic/31804/0c-9/islands-200 → 200 (40ms, 3254B)
[2026-08-06T06:38:58.265Z] GET https://avatars.mds.yandex.net/get-yapic/40841/TCF6PTGiSjSoysdZx1RlOt7Qo-1/islands-200 → 200 (164ms, 14599B)
[2026-08-06T06:38:58.265Z] GET https://avatars.mds.yandex.net/get-yapic/53031/0s-5/islands-200 → 200 (51ms, 2303B)
[2026-08-06T06:38:58.265Z] GET https://avatars.mds.yandex.net/get-yapic/27503/enc-ad04e271128e46a71031089c93f7391bba08c98141b568115898ec6baa71854f/islands-200 → 200 (166ms, 4250B)
[2026-08-06T06:38:58.266Z] GET https://avatars.mds.yandex.net/get-yapic/57243/0s-6/islands-200 → 200 (64ms, 2288B)
[2026-08-06T06:38:58.266Z] GET https://avatars.mds.yandex.net/get-yapic/49368/PZyyKZHa7RocGE4uJo8kJXWkBwQ-1/islands-200 → 200 (168ms, 1713B)
[2026-08-06T06:38:58.266Z] GET https://avatars.mds.yandex.net/get-yapic/57243/0b-1/islands-200 → 200 (165ms, 3003B)
[2026-08-06T06:38:58.266Z] GET https://avatars.mds.yandex.net/get-yapic/44850/FGFAtipCY9dqqFQyxqLrGo4ygQ-1/islands-200 → 200 (178ms, 13006B)
[2026-08-06T06:38:58.266Z] GET https://avatars.mds.yandex.net/get-yapic/61207/0h-9/islands-200 → 200 (171ms, 2679B)
[2026-08-06T06:38:58.266Z] GET https://avatars.mds.yandex.net/get-yapic/65952/enc-59406138ae08de602cefc07ffde2f00337a180255264e24fc50dcf91917f0174/islands-200 → 200 (202ms, 1380B)
[2026-08-06T06:38:58.266Z] GET https://avatars.mds.yandex.net/get-yapic/65952/enc-d5e152c540b62c789aac54e115ed52fedf6fb3ba36a5debe122483fe13dd7bab/islands-200 → 200 (186ms, 4799B)
[2026-08-06T06:38:58.266Z] GET https://avatars.mds.yandex.net/get-yapic/37154/0d-4/islands-200 → 200 (181ms, 3106B)
[2026-08-06T06:38:58.267Z] GET https://avatars.mds.yandex.net/get-yapic/28053/enc-bef7e41e91aab13de2b7d223c0e66bcfe19cde816a757de4cb46564c2d29ec95/islands-200 → 200 (182ms, 4604B)
[2026-08-06T06:38:58.267Z] GET https://avatars.mds.yandex.net/get-yapic/36777/ZRUd4AEz64Sdof49LcQNYQhKs-1/islands-200 → 200 (295ms, 6606B)
[2026-08-06T06:38:58.267Z] GET https://avatars.mds.yandex.net/get-yapic/65952/0h-5/islands-200 → 200 (185ms, 2809B)
[2026-08-06T06:38:58.267Z] GET https://avatars.mds.yandex.net/get-yapic/62162/0a-8/islands-200 → 200 (185ms, 3176B)
[2026-08-06T06:38:58.267Z] GET https://avatars.mds.yandex.net/get-yapic/29310/11rEHM9LDF9cVrKSMphaZRLWYvg-1/islands-200 → 200 (313ms, 7645B)
[2026-08-06T06:38:58.267Z] GET https://avatars.mds.yandex.net/get-yapic/26311/0c-4/islands-200 → 200 (186ms, 3227B)
[2026-08-06T06:38:58.267Z] GET https://avatars.mds.yandex.net/get-yapic/64336/0f-8/islands-200 → 200 (197ms, 2549B)
[2026-08-06T06:38:58.267Z] GET https://avatars.mds.yandex.net/get-yapic/27503/0d-7/islands-200 → 200 (201ms, 3105B)
[2026-08-06T06:38:58.267Z] GET https://avatars.mds.yandex.net/get-yapic/25817/0l-9/islands-200 → 200 (199ms, 2118B)
[2026-08-06T06:38:58.267Z] GET https://avatars.mds.yandex.net/get-yapic/64336/bPuzsgFigH6Yw5ZdgUYxFVMMw-1/islands-200 → 200 (297ms, 9941B)
[2026-08-06T06:38:58.268Z] GET https://avatars.mds.yandex.net/get-yapic/59871/0a-6/islands-200 → 200 (301ms, 3093B)
[2026-08-06T06:38:58.268Z] GET https://avatars.mds.yandex.net/get-yapic/39727/sn8NsAUPnXKsZu3GZJDGrUlaxc-1/islands-200 → 200 (313ms, 4593B)
[2026-08-06T06:38:58.268Z] GET https://avatars.mds.yandex.net/get-yapic/56823/0g-2/islands-200 → 200 (310ms, 2222B)
[2026-08-06T06:38:58.268Z] GET https://avatars.mds.yandex.net/get-yapic/38663/8pJe3lG4HYI73GZ1QWyEpyIakyA-1/islands-200 → 200 (296ms, 8500B)
[2026-08-06T06:38:58.268Z] GET https://avatars.mds.yandex.net/get-yapic/36777/0b-5/islands-200 → 200 (292ms, 2972B)
[2026-08-06T06:38:58.268Z] GET https://avatars.mds.yandex.net/get-yapic/40841/0k-6/islands-200 → 200 (294ms, 3207B)
[2026-08-06T06:38:58.268Z] GET https://avatars.mds.yandex.net/get-yapic/26057/0c-6/islands-200 → 200 (296ms, 3249B)
[2026-08-06T06:38:58.268Z] GET https://avatars.mds.yandex.net/get-yapic/62162/0k-7/islands-200 → 200 (326ms, 3263B)
[2026-08-06T06:38:58.268Z] GET https://avatars.mds.yandex.net/get-yapic/27232/OOngijWRhSNgAkdONp324hzDZwc-1/islands-200 → 200 (353ms, 7707B)
[2026-08-06T06:38:58.269Z] GET https://avatars.mds.yandex.net/get-yapic/58107/wLvLk1NAbJ4UbNa8tig0ozhACAo-1/islands-200 → 200 (377ms, 6572B)
[2026-08-06T06:38:58.269Z] GET https://avatars.mds.yandex.net/get-yapic/26311/0c-2/islands-200 → 200 (297ms, 3197B)
[2026-08-06T06:38:58.269Z] GET https://avatars.mds.yandex.net/get-yapic/27503/Oiyk5UiT2fUKYMRenwYOYkVw8-1/islands-200 → 200 (309ms, 9260B)
[2026-08-06T06:38:58.269Z] GET https://avatars.mds.yandex.net/get-yapic/33202/7Qx4ZtGPQHE3ZnWnhUH59Evokec-1/islands-200 → 200 (313ms, 6300B)
[2026-08-06T06:38:58.269Z] GET https://avatars.mds.yandex.net/get-yapic/59871/3fSztV30y1rvyop28h4RNr6Y-1/islands-200 → 200 (377ms, 17711B)
[2026-08-06T06:38:58.269Z] GET https://avatars.mds.yandex.net/get-yapic/59871/0a-4/islands-200 → 200 (352ms, 3155B)
[2026-08-06T06:38:58.269Z] GET https://avatars.mds.yandex.net/get-yapic/47747/oi0aNF3qdLhsi2Ef9i9Dzjc-1/islands-200 → 200 (392ms, 3272B)
[2026-08-06T06:38:58.428Z] GET https://yastatic.net/s3/front-maps-static/maps-front-jsapi-v2-1/2.1.79-19906405/out/release/images/cursor/grab.cur → 200 (10ms, 945B)
[2026-08-06T06:38:58.428Z] GET https://yastatic.net/s3/front-maps-static/maps-front-jsapi-v2-1/2.1.79-19906405/out/release/images/cursor/grabbing.cur → 200 (10ms, 945B)
[2026-08-06T06:38:58.429Z] GET https://yastatic.net/s3/front-maps-static/maps-front-jsapi-v2-1/2.1.79-19906405/out/release/images/cursor/help.cur → 200 (15ms, 944B)
[2026-08-06T06:38:58.429Z] GET https://yastatic.net/s3/front-maps-static/maps-front-jsapi-v2-1/2.1.79-19906405/out/release/images/cursor/zoom_in.cur → 200 (18ms, 946B)
[2026-08-06T06:38:58.555Z] GET https://core-renderer-tiles.maps.yandex.net/tiles?l=map&v=26.08.03-1~b:260723082830~ia:26.05.27-0~ib:26.08.05-1&x=610&y=319&z=10&scale=1&lang=ru_RU&apikey=44eeda62-881e-4502-9e8f-86d8dfe0198e&ads=enabled → 200 (146ms, 10744B)
[2026-08-06T06:38:58.555Z] GET https://core-renderer-tiles.maps.yandex.net/tiles?l=map&v=26.08.03-1~b:260723082830~ia:26.05.27-0~ib:26.08.05-1&x=609&y=318&z=10&scale=1&lang=ru_RU&apikey=44eeda62-881e-4502-9e8f-86d8dfe0198e&ads=enabled → 200 (162ms, 13404B)
[2026-08-06T06:38:58.555Z] GET https://core-renderer-tiles.maps.yandex.net/tiles?l=map&v=26.08.03-1~b:260723082830~ia:26.05.27-0~ib:26.08.05-1&x=609&y=319&z=10&scale=1&lang=ru_RU&apikey=44eeda62-881e-4502-9e8f-86d8dfe0198e&ads=enabled → 200 (141ms, 9958B)
[2026-08-06T06:38:58.555Z] GET https://core-renderer-tiles.maps.yandex.net/tiles?l=map&v=26.08.03-1~b:260723082830~ia:26.05.27-0~ib:26.08.05-1&x=610&y=318&z=10&scale=1&lang=ru_RU&apikey=44eeda62-881e-4502-9e8f-86d8dfe0198e&ads=enabled → 200 (142ms, 12536B)
[2026-08-06T06:38:58.629Z] GET https://api-maps.yandex.ru/services/coverage/v2/?l=map&ll=34.46250000,56.22141400&z=10&lang=ru_RU&callback=jsonp_yandex_coverage__l_map_ll_34_46250000_56_22141400_z_10_lang_ru_RU → 200 (70ms, 429B)
[2026-08-06T06:38:58.696Z] POST https://region1.google-analytics.com/g/collect?v=2&tid=G-Y9MRQQ0W34&gtm=45je6841v867646929za200zd867646929&_p=1785998338014&gcd=13l3l3l2l1l1&npa=1&dma_cps=a&dma=1&are=1&cid=538756586.1785998339&frm=0&ngs=1&pscdl=noapi&rcb=2&sr=1280x720&uaa=x86&uab=64&uafvl=Not%253AA-Brand%3B99.0.0.0%7CHeadlessChrome%3B145.0.7632.6%7CChromium%3B145.0.7632.6&uam=&uamb=0&uap=macOS&uapv=26.5.1&uaw=0&ul=en-us&_s=1&tag_exp=115616985~115938465~115938468~118897920~118897930~119404701~119527019~119896802&sid=1785998338&sct=1&seg=0&dl=https%3A%2F%2Fxn--c1aaobmgio8j.xn--p1ai%2Fglampings%2F489&dt=%D0%91%D0%B0%D0%B7%D0%B0%20%D0%BE%D1%82%D0%B4%D1%8B%D1%85%D0%B0%20%D0%A3%D0%B4%D0%B0%D1%87%D0%BD%D0%BE%D0%B5%20%D0%9A%D1%8D%D0%BC%D0%BF%20%7C%20%D0%A2%D0%B2%D0%B5%D1%80%D1%81%D0%BA%D0%B0%D1%8F%20%D0%BE%D0%B1%D0%BB%D0%B0%D1%81%D1%82%D1%8C&en=page_view&_fv=1&_nsi=1&_ss=1&_ee=1&tfd=13672 → pending (?ms, ?B)
[2026-08-06T06:38:58.769Z] GET https://mc.yandex.ru/metrika/advert.gif?t=gdpr(14)ti(4) → 200 (43ms, 138B)
[2026-08-06T06:38:58.770Z] GET https://mc.yandex.ru/watch/57323740?wmode=7&page-url=https%3A%2F%2Fxn--c1aaobmgio8j.xn--p1ai%2Fglampings%2F489&charset=utf-8&uah=chu%0A%22Not%3AA-Brand%22%3Bv%3D%2299%22%2C%22HeadlessChrome%22%3Bv%3D%22145%22%2C%22Chromium%22%3Bv%3D%22145%22%0Acha%0Ax86%0Achb%0A64%0Achf%0A145.0.7632.6%0Achl%0A%22Not%3AA-Brand%22%3Bv%3D%2299.0.0.0%22%2C%22HeadlessChrome%22%3Bv%3D%22145.0.7632.6%22%2C%22Chromium%22%3Bv%3D%22145.0.7632.6%22%0Achm%0A%3F0%0Achp%0AmacOS%0Achv%0A26.5.1&browser-info=pv%3A1%3Avf%3A2fcf9t0evwpznb13bpk27s5ixzm02n%3Afu%3A0%3Aen%3Autf-8%3Ala%3Aen-US%3Av%3A2600%3Acn%3A1%3Adp%3A0%3Als%3A1187992190630%3Ahid%3A1058906284%3Az%3A180%3Ai%3A20260806093858%3Aet%3A1785998339%3Ac%3A1%3Arn%3A993157518%3Arqn%3A1%3Au%3A1785998339235245749%3Aw%3A1280x720%3As%3A1280x720x24%3Ask%3A1%3Afp%3A11968%3Awv%3A2%3Ads%3A0%2C0%2C10371%2C164%2C972%2C972%2C1%2C1521%2C57%2C%2C%2C%2C13032%3Aco%3A0%3Ahdl%3A1%3Antf%3A1%3Ans%3A1785998325020%3Agi%3AR0ExLjEuNTM4NzU2NTg2LjE3ODU5OTgzMzk%3D%3Arqnl%3A1%3Ast%3A1785998339%3At%3A%D0%91%D0%B0%D0%B7%D0%B0%20%D0%BE%D1%82%D0%B4%D1%8B%D1%85%D0%B0%20%D0%A3%D0%B4%D0%B0%D1%87%D0%BD%D0%BE%D0%B5%20%D0%9A%D1%8D%D0%BC%D0%BF%20%7C%20%D0%A2%D0%B2%D0%B5%D1%80%D1%81%D0%BA%D0%B0%D1%8F%20%D0%BE%D0%B1%D0%BB%D0%B0%D1%81%D1%82%D1%8C&t=clt(733)gdpr(14)clc(0-0-0)rqnt(1)aw(1)rcm(1)cdl(na)eco(42271236)ti(1) → 302 (92ms, ?B)
[2026-08-06T06:38:58.848Z] GET https://xn--c1aaobmgio8j.xn--p1ai/image/cache/catalog/489/kemp1_1781121756-245x245.webp → 200 (13ms, -306B)
[2026-08-06T06:38:58.862Z] GET https://mc.yandex.ru/watch/57323740/1?wmode=7&page-url=https%3A%2F%2Fxn--c1aaobmgio8j.xn--p1ai%2Fglampings%2F489&charset=utf-8&uah=chu%0A%22Not%3AA-Brand%22%3Bv%3D%2299%22%2C%22HeadlessChrome%22%3Bv%3D%22145%22%2C%22Chromium%22%3Bv%3D%22145%22%0Acha%0Ax86%0Achb%0A64%0Achf%0A145.0.7632.6%0Achl%0A%22Not%3AA-Brand%22%3Bv%3D%2299.0.0.0%22%2C%22HeadlessChrome%22%3Bv%3D%22145.0.7632.6%22%2C%22Chromium%22%3Bv%3D%22145.0.7632.6%22%0Achm%0A%3F0%0Achp%0AmacOS%0Achv%0A26.5.1&browser-info=pv%3A1%3Avf%3A2fcf9t0evwpznb13bpk27s5ixzm02n%3Afu%3A0%3Aen%3Autf-8%3Ala%3Aen-US%3Av%3A2600%3Acn%3A1%3Adp%3A0%3Als%3A1187992190630%3Ahid%3A1058906284%3Az%3A180%3Ai%3A20260806093858%3Aet%3A1785998339%3Ac%3A1%3Arn%3A993157518%3Arqn%3A1%3Au%3A1785998339235245749%3Aw%3A1280x720%3As%3A1280x720x24%3Ask%3A1%3Afp%3A11968%3Awv%3A2%3Ads%3A0%2C0%2C10371%2C164%2C972%2C972%2C1%2C1521%2C57%2C%2C%2C%2C13032%3Aco%3A0%3Ahdl%3A1%3Antf%3A1%3Ans%3A1785998325020%3Agi%3AR0ExLjEuNTM4NzU2NTg2LjE3ODU5OTgzMzk%3D%3Arqnl%3A1%3Ast%3A1785998339%3At%3A%D0%91%D0%B0%D0%B7%D0%B0%20%D0%BE%D1%82%D0%B4%D1%8B%D1%85%D0%B0%20%D0%A3%D0%B4%D0%B0%D1%87%D0%BD%D0%BE%D0%B5%20%D0%9A%D1%8D%D0%BC%D0%BF%20%7C%20%D0%A2%D0%B2%D0%B5%D1%80%D1%81%D0%BA%D0%B0%D1%8F%20%D0%BE%D0%B1%D0%BB%D0%B0%D1%81%D1%82%D1%8C&t=clt%28733%29gdpr%2814%29clc%280-0-0%29rqnt%281%29aw%281%29rcm%281%29cdl%28na%29eco%2842271236%29ti%281%29 → 200 (49ms, 1451B)
[2026-08-06T06:38:58.888Z] GET https://core-renderer-tiles.maps.yandex.net/tiles?l=map&v=26.08.03-1~b:260723082830~ia:26.05.27-0~ib:26.08.05-1&x=2440&y=1274&z=12&scale=1&lang=ru_RU&apikey=44eeda62-881e-4502-9e8f-86d8dfe0198e&ads=enabled → 200 (77ms, 10795B)
[2026-08-06T06:38:58.888Z] GET https://core-renderer-tiles.maps.yandex.net/tiles?l=map&v=26.08.03-1~b:260723082830~ia:26.05.27-0~ib:26.08.05-1&x=2439&y=1273&z=12&scale=1&lang=ru_RU&apikey=44eeda62-881e-4502-9e8f-86d8dfe0198e&ads=enabled → 200 (76ms, 7422B)
[2026-08-06T06:38:58.888Z] GET https://core-renderer-tiles.maps.yandex.net/tiles?l=map&v=26.08.03-1~b:260723082830~ia:26.05.27-0~ib:26.08.05-1&x=2439&y=1274&z=12&scale=1&lang=ru_RU&apikey=44eeda62-881e-4502-9e8f-86d8dfe0198e&ads=enabled → 200 (78ms, 11270B)
[2026-08-06T06:38:58.888Z] GET https://core-renderer-tiles.maps.yandex.net/tiles?l=map&v=26.08.03-1~b:260723082830~ia:26.05.27-0~ib:26.08.05-1&x=2439&y=1275&z=12&scale=1&lang=ru_RU&apikey=44eeda62-881e-4502-9e8f-86d8dfe0198e&ads=enabled → 200 (77ms, 8377B)
[2026-08-06T06:38:58.888Z] GET https://core-renderer-tiles.maps.yandex.net/tiles?l=map&v=26.08.03-1~b:260723082830~ia:26.05.27-0~ib:26.08.05-1&x=2440&y=1273&z=12&scale=1&lang=ru_RU&apikey=44eeda62-881e-4502-9e8f-86d8dfe0198e&ads=enabled → 200 (77ms, 11247B)
[2026-08-06T06:38:58.889Z] GET https://core-renderer-tiles.maps.yandex.net/tiles?l=map&v=26.08.03-1~b:260723082830~ia:26.05.27-0~ib:26.08.05-1&x=2440&y=1275&z=12&scale=1&lang=ru_RU&apikey=44eeda62-881e-4502-9e8f-86d8dfe0198e&ads=enabled → 200 (77ms, 11358B)
[2026-08-06T06:38:58.889Z] GET https://core-renderer-tiles.maps.yandex.net/tiles?l=map&v=26.08.03-1~b:260723082830~ia:26.05.27-0~ib:26.08.05-1&x=2441&y=1273&z=12&scale=1&lang=ru_RU&apikey=44eeda62-881e-4502-9e8f-86d8dfe0198e&ads=enabled → 200 (75ms, 6493B)
[2026-08-06T06:38:58.889Z] GET https://core-renderer-tiles.maps.yandex.net/tiles?l=map&v=26.08.03-1~b:260723082830~ia:26.05.27-0~ib:26.08.05-1&x=2441&y=1274&z=12&scale=1&lang=ru_RU&apikey=44eeda62-881e-4502-9e8f-86d8dfe0198e&ads=enabled → 200 (80ms, 8087B)
[2026-08-06T06:38:58.889Z] GET https://core-renderer-tiles.maps.yandex.net/tiles?l=map&v=26.08.03-1~b:260723082830~ia:26.05.27-0~ib:26.08.05-1&x=2441&y=1275&z=12&scale=1&lang=ru_RU&apikey=44eeda62-881e-4502-9e8f-86d8dfe0198e&ads=enabled → 200 (80ms, 15244B)
[2026-08-06T06:38:58.903Z] GET https://core-renderer-tiles.maps.yandex.net/tiles?l=map&v=26.08.03-1~b:260723082830~ia:26.05.27-0~ib:26.08.05-1&x=2438&y=1273&z=12&scale=1&lang=ru_RU&apikey=44eeda62-881e-4502-9e8f-86d8dfe0198e&ads=enabled → 200 (69ms, 13938B)
[2026-08-06T06:38:58.903Z] GET https://core-renderer-tiles.maps.yandex.net/tiles?l=map&v=26.08.03-1~b:260723082830~ia:26.05.27-0~ib:26.08.05-1&x=2438&y=1274&z=12&scale=1&lang=ru_RU&apikey=44eeda62-881e-4502-9e8f-86d8dfe0198e&ads=enabled → 200 (73ms, 12963B)
[2026-08-06T06:38:58.903Z] GET https://core-renderer-tiles.maps.yandex.net/tiles?l=map&v=26.08.03-1~b:260723082830~ia:26.05.27-0~ib:26.08.05-1&x=2438&y=1275&z=12&scale=1&lang=ru_RU&apikey=44eeda62-881e-4502-9e8f-86d8dfe0198e&ads=enabled → 200 (69ms, 10473B)
[2026-08-06T06:38:58.913Z] GET https://api-maps.yandex.ru/services/coverage/v2/?l=map&ll=34.46250000,56.22141400&z=12&lang=ru_RU&callback=jsonp_yandex_coverage__l_map_ll_34_46250000_56_22141400_z_12_lang_ru_RU → 200 (64ms, 395B)
[2026-08-06T06:38:58.963Z] POST https://mc.yandex.ru/watch/57323740/1?page-url=https%3A%2F%2Fxn--c1aaobmgio8j.xn--p1ai%2Fglampings%2F489&charset=utf-8&uah=chu%0A%22Not%3AA-Brand%22%3Bv%3D%2299%22%2C%22HeadlessChrome%22%3Bv%3D%22145%22%2C%22Chromium%22%3Bv%3D%22145%22%0Acha%0Ax86%0Achb%0A64%0Achf%0A145.0.7632.6%0Achl%0A%22Not%3AA-Brand%22%3Bv%3D%2299.0.0.0%22%2C%22HeadlessChrome%22%3Bv%3D%22145.0.7632.6%22%2C%22Chromium%22%3Bv%3D%22145.0.7632.6%22%0Achm%0A%3F0%0Achp%0AmacOS%0Achv%0A26.5.1&hidv2=4490825287016644825&hittoken=1785998338_1b10d4afc2ebfd3dc07ec5a165298e2c712cfaccbe8911f4bee1d44ff16e8942&browser-info=pa%3A1%3Aar%3A1%3Avf%3A2fcf9t0evwpznb13bpk27s5ixzm02n%3Afu%3A0%3Aen%3Autf-8%3Ala%3Aen-US%3Av%3A2600%3Acn%3A1%3Adp%3A0%3Als%3A1187992190630%3Ahid%3A1058906284%3Az%3A180%3Ai%3A20260806093858%3Aet%3A1785998339%3Ac%3A1%3Arn%3A852737755%3Arqn%3A2%3Au%3A1785998339235245749%3Aw%3A1280x720%3As%3A1280x720x24%3Ask%3A1%3Awv%3A2%3Ads%3A%2C%2C%2C%2C%2C%2C%2C%2C%2C13792%2C13792%2C35%2C%3Aco%3A0%3Ahdl%3A1%3Antf%3A1%3Ans%3A1785998325020%3Agi%3AR0ExLjEuNTM4NzU2NTg2LjE3ODU5OTgzMzk%3D%3Aadb%3A2%3Arqnl%3A1%3Ast%3A1785998339&t=gdpr(14)mc(p-1)clc(0-0-0)rqnt(2)aw(1)rcm(1)ecs(0)cdl(na)eco(42271236)ti(0)&force-urlencoded=1&site-info=%7B%22__ym%22%3A%7B%22ecommerce%22%3A%5B%7B%22currencyCode%22%3A%22RUB%22%2C%22detail%22%3A%7B%22products%22%3A%5B%7B%22id%22%3A%22489%22%2C%22name%22%3A%22%D0%91%D0%B0%D0%B7%D0%B0%20%D0%BE%D1%82%D0%B4%D1%8B%D1%85%D0%B0%20%D0%A3%D0%B4%D0%B0%D1%87%D0%BD%D0%BE%D0%B5%20%D0%9A%D1%8D%D0%BC%D0%BF%22%2C%22brand%22%3A%22%D0%A2%D0%B2%D0%B5%D1%80%D1%81%D0%BA%D0%B0%D1%8F%20%D0%BE%D0%B1%D0%BB%D0%B0%D1%81%D1%82%D1%8C%22%7D%5D%7D%7D%5D%7D%7D → 200 (39ms, 135B)
[2026-08-06T06:38:59.064Z] GET https://mc.yandex.ru/metrika/tag_phono.js → 200 (78ms, 13225B)
[2026-08-06T06:39:02.966Z] GET https://cdn5.helpdeskeddy.com//js/contact-widget.js → 200 (627ms, 15242B)
[2026-08-06T06:39:03.614Z] GET https://glempingirf.helpdeskeddy.com/custom/contact-widget-config.js → pending (?ms, ?B)
[2026-08-06T06:39:03.614Z] GET https://cdn5.helpdeskeddy.com//js/modules/chat_widget/hde.js?v=3 → pending (?ms, ?B)
[2026-08-06T06:39:05.258Z] POST https://region1.google-analytics.com/g/collect?v=2&tid=G-Y9MRQQ0W34&gtm=45je6841v867646929za200zd867646929&_p=1785998338014&gcd=13l3l3l2l1l1&npa=1&dma_cps=a&dma=1&_eu=AEAAAAQ&ae=a&are=1&cid=538756586.1785998339&frm=0&ngs=1&pscdl=noapi&rcb=2&sr=1280x720&uaa=x86&uab=64&uafvl=Not%253AA-Brand%3B99.0.0.0%7CHeadlessChrome%3B145.0.7632.6%7CChromium%3B145.0.7632.6&uam=&uamb=0&uap=macOS&uapv=26.5.1&uaw=0&ul=en-us&_s=2&tag_exp=115616985~115938465~115938468~118897920~118897930~119404701~119527019~119896802&dl=https%3A%2F%2Fxn--c1aaobmgio8j.xn--p1ai%2Fglampings%2F489%3Fproduct_id%3D489%26roomtypes%255B%255D%3D%26guests%3D%26adults%255B0%255D%3D2%26kids%255B0%255D%3D%26dates%3D2026-08-28%2B-%2B2026-08-30&dr=https%3A%2F%2Fxn--c1aaobmgio8j.xn--p1ai%2Fglampings%2F489&sid=1785998338&sct=1&seg=1&dt=%D0%91%D0%B0%D0%B7%D0%B0%20%D0%BE%D1%82%D0%B4%D1%8B%D1%85%D0%B0%20%D0%A3%D0%B4%D0%B0%D1%87%D0%BD%D0%BE%D0%B5%20%D0%9A%D1%8D%D0%BC%D0%BF%20%7C%20%D0%A2%D0%B2%D0%B5%D1%80%D1%81%D0%BA%D0%B0%D1%8F%20%D0%BE%D0%B1%D0%BB%D0%B0%D1%81%D1%82%D1%8C&en=page_view&_et=1561&tfd=20236 → 204 (107ms, ?B)
[2026-08-06T06:39:08.469Z] GET https://log.api-maps.yandex.ru/services/logging/watch/104153047/1?page-url=https%3A%2F%2Fxn--c1aaobmgio8j.xn--p1ai&charset=utf-8&site-info=%5B%7B%222.1%22%3A%7B%22group%22%3A%7B%22mapSize%22%3A%7B%220x0%22%3A%7B%22Desktop%22%3A%222_1_79%22%7D%7D%7D%7D%7D%2C%7B%222.1%22%3A%7B%22group%22%3A%7B%22mapDpr%22%3A%7B%221%22%3A%7B%22Desktop%22%3A%222_1_79%22%7D%7D%7D%7D%7D%2C%7B%222.1%22%3A%7B%22group%22%3A%7B%22status%22%3A%22disabled%22%7D%7D%7D%2C%7B%222.1%22%3A%7B%22group%22%3A%7B%22adverts%22%3A%22enabled%22%7D%7D%7D%2C%7B%222.1%22%3A%7B%22group%22%3A%7B%22inception%22%3A%22map%22%7D%7D%7D%2C%7B%222.1%22%3A%7B%22group%22%3A%7B%22routePanelControl%22%3A%22create%22%7D%7D%7D%2C%7B%222.1%22%3A%7B%22group%22%3A%7B%22created%22%3A%7B%222_1_79%22%3A%22Desktop%22%7D%7D%7D%7D%2C%7B%222.1%22%3A%7B%22group%22%3A%7B%22mapSize%22%3A%7B%220x0%22%3A%7B%22Desktop%22%3A%222_1_79%22%7D%7D%7D%7D%7D%2C%7B%222.1%22%3A%7B%22group%22%3A%7B%22mapDpr%22%3A%7B%221%22%3A%7B%22Desktop%22%3A%222_1_79%22%7D%7D%7D%7D%7D%2C%7B%222.1%22%3A%7B%22group%22%3A%7B%22status%22%3A%22disabled%22%7D%7D%7D%2C%7B%222.1%22%3A%7B%22group%22%3A%7B%22adverts%22%3A%22enabled%22%7D%7D%7D%2C%7B%222.1%22%3A%7B%22group%22%3A%7B%22created%22%3A%7B%222_1_79%22%3A%22Desktop%22%7D%7D%7D%7D%2C%7B%222.1%22%3A%7B%22group%22%3A%7B%22routeButtonControl%22%3A%22create%22%7D%7D%7D%2C%7B%222.1%22%3A%7B%22group%22%3A%7B%22geometry%22%3A%22Point%22%7D%7D%7D%2C%7B%222.1%22%3A%7B%22group%22%3A%7B%22geometry%22%3A%22Circle%22%7D%7D%7D%2C%7B%222.1%22%3A%7B%22group%22%3A%7B%22fullscreen%22%3A%22create%22%7D%7D%7D%2C%7B%222.1%22%3A%7B%22group%22%3A%7B%22multiRoute%22%3A%22masstransit%22%7D%7D%7D%2C%7B%222.1%22%3A%7B%22group%22%3A%7B%22multiRoute%22%3A%7B%22editor%22%3A%22start%22%7D%7D%7D%7D%2C%7B%222.1%22%3A%7B%22group%22%3A%7B%22multiRoute%22%3A%22auto%22%7D%7D%7D%2C%7B%222.1%22%3A%7B%22group%22%3A%7B%7D%7D%7D%2C%7B%222.1%22%3A%7B%22group%22%3A%7B%7D%7D%7D%2C%7B%222.1%22%3A%7B%22group%22%3A%7B%7D%7D%7D%2C%7B%222.1%22%3A%7B%22group%22%3A%7B%7D%7D%7D%2C%7B%222.1%22%3A%7B%22group%22%3A%7B%22routePanelControl%22%3A%22auto%22%7D%7D%7D%2C%7B%222.1%22%3A%7B%22group%22%3A%7B%22mapSize%22%3A%7B%22261x344%22%3A%7B%22Desktop%22%3A%222_1_79%22%7D%7D%7D%7D%7D%2C%7B%222.1%22%3A%7B%22group%22%3A%7B%22mapDpr%22%3A%7B%221%22%3A%7B%22Desktop%22%3A%222_1_79%22%7D%7D%7D%7D%7D%2C%7B%222.1%22%3A%7B%22group%22%3A%7B%22status%22%3A%22disabled%22%7D%7D%7D%2C%7B%222.1%22%3A%7B%22group%22%3A%7B%22adverts%22%3A%22enabled%22%7D%7D%7D%2C%7B%222.1%22%3A%7B%22group%22%3A%7B%22inception%22%3A%22map%22%7D%7D%7D%2C%7B%222.1%22%3A%7B%22group%22%3A%7B%22created%22%3A%7B%222_1_79%22%3A%22Desktop%22%7D%7D%7D%7D%2C%7B%222.1%22%3A%7B%22group%22%3A%7B%22mapSize%22%3A%7B%22706x320%22%3A%7B%22Desktop%22%3A%222_1_79%22%7D%7D%7D%7D%7D%2C%7B%222.1%22%3A%7B%22group%22%3A%7B%22mapDpr%22%3A%7B%221%22%3A%7B%22Desktop%22%3A%222_1_79%22%7D%7D%7D%7D%7D%2C%7B%222.1%22%3A%7B%22group%22%3A%7B%22status%22%3A%22disabled%22%7D%7D%7D%2C%7B%222.1%22%3A%7B%22group%22%3A%7B%22adverts%22%3A%22enabled%22%7D%7D%7D%2C%7B%222.1%22%3A%7B%22group%22%3A%7B%22inception%22%3A%22map%22%7D%7D%7D%2C%7B%222.1%22%3A%7B%22group%22%3A%7B%22created%22%3A%7B%222_1_79%22%3A%22Desktop%22%7D%7D%7D%7D%2C%7B%222.1%22%3A%7B%22group%22%3A%7B%22observe%22%3A%22every%22%7D%7D%7D%2C%7B%222.1%22%3A%7B%22group%22%3A%7B%22inception%22%3A%22map%22%7D%7D%7D%2C%7B%222.1%22%3A%7B%22group%22%3A%7B%22visible%22%3A%7B%222_1_79%22%3A%22Desktop%22%7D%7D%7D%7D%5D&browser-info=pv%3A1%3Aar%3A1%3Aet%3A1785998348%3Ast%3A1785998348%3Arn%3A5315686%3At%3A%3Auniqid%3A44eeda62-XXXX-86d8dfe0198e → 200 (206ms, 548B)
[2026-08-06T06:39:08.505Z] POST https://log.api-maps.yandex.ru/services/logging/error-booster → 200 (204ms, 654B)
[2026-08-06T06:39:13.766Z] POST https://mc.yandex.ru/watch/57323740?page-url=https%3A%2F%2Fxn--c1aaobmgio8j.xn--p1ai%2Fglampings%2F489%3Fproduct_id%3D489%26roomtypes%255B%255D%3D%26guests%3D%26adults%255B0%255D%3D2%26kids%255B0%255D%3D%26dates%3D2026-08-28%2B-%2B2026-08-30&charset=utf-8&hidv2=4490825287016644825&hittoken=1785998338_1b10d4afc2ebfd3dc07ec5a165298e2c712cfaccbe8911f4bee1d44ff16e8942&browser-info=nb%3A1%3Acl%3A172%3Aar%3A1%3Avf%3A2fcf9t0evwpznb13bpk27s5ixzm02n%3Afu%3A0%3Aen%3Autf-8%3Ala%3Aen-US%3Av%3A2600%3Acn%3A1%3Adp%3A0%3Als%3A1187992190630%3Ahid%3A1058906284%3Az%3A180%3Ai%3A20260806093913%3Aet%3A1785998354%3Ac%3A1%3Arn%3A549887371%3Arqn%3A3%3Au%3A1785998339235245749%3Aw%3A1280x720%3As%3A1280x720x24%3Ask%3A1%3Awv%3A2%3Aco%3A0%3Ahdl%3A1%3Antf%3A1%3Aeu%3A0%3Ans%3A1785998325020%3Agi%3AR0ExLjEuNTM4NzU2NTg2LjE3ODU5OTgzMzk%3D%3Aadb%3A2%3App%3A3629563401%3Arqnl%3A1%3Ast%3A1785998354&t=gdpr(14)mc(p-1)clc(0-0-0)rqnt(3)aw(1)rcm(1)ecs(0)csu(0)cdl(na)eco(42271236)prs(2)wss(2)w2s(16)evt(172)ti(0)&force-urlencoded=1 → 200 (30ms, 253B)
